------------------------------------------------------------
TimeQuest Timing Analyzer Summary
------------------------------------------------------------

Type  : Slow Model Setup 'clock'
Slack : -5.445
TNS   : -83.282

Type  : Slow Model Setup 'button_input'
Slack : -0.843
TNS   : -1.674

Type  : Slow Model Hold 'clock'
Slack : 0.621
TNS   : 0.000

Type  : Slow Model Hold 'button_input'
Slack : 0.679
TNS   : 0.000

Type  : Slow Model Recovery 'clock'
Slack : -0.091
TNS   : -0.364

Type  : Slow Model Removal 'clock'
Slack : -0.045
TNS   : -1.440

Type  : Slow Model Minimum Pulse Width 'clock'
Slack : -1.631
TNS   : -45.623

Type  : Slow Model Minimum Pulse Width 'button_input'
Slack : -1.631
TNS   : -1.631

Type  : Fast Model Setup 'clock'
Slack : -1.612
TNS   : -15.417

Type  : Fast Model Setup 'button_input'
Slack : 0.217
TNS   : 0.000

Type  : Fast Model Hold 'clock'
Slack : 0.146
TNS   : 0.000

Type  : Fast Model Hold 'button_input'
Slack : 0.383
TNS   : 0.000

Type  : Fast Model Recovery 'clock'
Slack : 0.235
TNS   : 0.000

Type  : Fast Model Removal 'clock'
Slack : -0.034
TNS   : -1.088

Type  : Fast Model Minimum Pulse Width 'clock'
Slack : -1.380
TNS   : -37.380

Type  : Fast Model Minimum Pulse Width 'button_input'
Slack : -1.380
TNS   : -1.380

------------------------------------------------------------
